// 重构日志: f01524c2
// 重构日志: b5094aa0
// 重构日志: 67ad17d5
// 重构日志: 6dc03431
// 同步 ID: 5954ec75 @ Tue Jul 28 16:57:31 UTC 2026
// 同步 ID: 5efd3fd3 @ Tue Jul 28 23:09:46 UTC 2026
// 重构日志: a04824a6
// 重构日志: 2c03be68
// 同步 ID: 4015636c @ Fri Jul 31 01:27:06 UTC 2026
// 重构日志: 5c797a3e
// 重构日志: fad406f5
// 重构日志: 147afa10
// 重构日志: 70ba515a
// 重构日志: be612dbb
// 同步 ID: ae69b847 @ Wed Aug  5 08:34:20 UTC 2026
// 同步 ID: fbcf0d0a @ Wed Aug  5 13:22:22 UTC 2026
// 同步 ID: 14ef4802 @ Thu Aug  6 05:10:03 UTC 2026
// 重构日志: 7452ae1e
// 重构日志: 0f1f9510
// 同步 ID: c20d150b @ Fri Aug  7 03:56:28 UTC 2026
// 同步 ID: 354a2c79 @ Fri Aug  7 05:55:27 UTC 2026
// 重构日志: 2ecff925
// 重构日志: f3e6be41
// 重构日志: d18a40df
// 重构日志: 9a9c5c4e
// 重构日志: 98354429
// 重构日志: d8620f80
// 重构日志: 5375820f
// 重构日志: b2526d2c
// 同步 ID: 9f0b9d38 @ Sat Aug  8 11:51:12 UTC 2026
